Running task 0: seed=0, viscosity=0.0001, out_path=ic_0_param_0.0001
2025-12-06 18:39:15.995 | INFO     | __main__:main:79 - Output directory: /global/cfs/cdirs/m4558/shared/meta-pde/evals/seed_0/ic_0_param_0.0001/ns_2048x2048_visc_0.0001_drag_0.1_T15.0_forcing_kolmogorov
2025-12-06 18:39:15.996 | INFO     | __main__:main:83 - Dumping arguments to /global/cfs/cdirs/m4558/shared/meta-pde/evals/seed_0/ic_0_param_0.0001/ns_2048x2048_visc_0.0001_drag_0.1_T15.0_forcing_kolmogorov/args.json
2025-12-06 18:39:15.999 | INFO     | __main__:main:91 - Resolution: 2048x2048, Max Velocity: 7, Viscosity: 0.0001
2025-12-06 18:39:15.999 | INFO     | __main__:main:94 - Max Resolution: 2048
2025-12-06 18:39:16.000 | INFO     | __main__:main:106 - Max Resolution Stable Time Step: 0.0002191401125550916
2025-12-06 18:39:16.000 | INFO     | __main__:main:111 - Stable time step: 0.0002191401125550916
2025-12-06 18:39:16.000 | INFO     | __main__:main:122 - Forcing function: kolmogorov
2025-12-06 18:39:16.001 | INFO     | __main__:main:129 - Forcing function args: scale=1, k=2
2025-12-06 18:39:21.864 | INFO     | __main__:main:147 - Time stepping scheme: Crank-Nicolson RK4
2025-12-06 18:39:21.865 | INFO     | __main__:main:148 - Anti-aliasing: True
2025-12-06 18:39:21.865 | INFO     | __main__:main:149 - Drag: 0.1
2025-12-06 18:39:21.865 | INFO     | __main__:main:166 - Simulation Time: 15.0, Burn-in Time: 41.0
2025-12-06 18:39:21.866 | INFO     | __main__:main:167 - Number of Burn-in Frames: 164, Real burn in time: 41.0
2025-12-06 18:39:21.866 | INFO     | __main__:main:170 - Total Simulation Time: 56.0, Save Time: 0.25
2025-12-06 18:39:21.866 | INFO     | __main__:main:171 - Inner Steps: 1140.0, Outer Steps: 224.0
2025-12-06 18:39:21.866 | INFO     | __main__:main:211 - Initial condition downsample factor: 1.0
2025-12-06 18:39:21.947 | INFO     | __main__:main:280 - Batch Size: 4, Num Batches: 1, Seed: 42, Total Trajectories: 4
2025-12-06 18:39:21.955 | INFO     | __main__:main:283 - Generating trajectories...
  0%|          | 0/1 [00:00<?, ?it/s]